warning: missing documentation for the crate
 --> crates/iam-core/src/lib.rs:1:1
  |
1 | / pub mod error;
2 | | pub mod domain;
3 | | pub mod traits;
4 | | pub mod config;
5 | |
6 | | pub use error::ApiError;
7 | | pub use traits::*;
  | |__________________^
  |
  = note: requested on the command line with `-W missing-docs`

warning: missing documentation for a module
 --> crates/iam-core/src/lib.rs:1:1
  |
1 | pub mod error;
  | ^^^^^^^^^^^^^

warning: missing documentation for a module
 --> crates/iam-core/src/lib.rs:2:1
  |
2 | pub mod domain;
  | ^^^^^^^^^^^^^^

warning: missing documentation for a module
 --> crates/iam-core/src/lib.rs:3:1
  |
3 | pub mod traits;
  | ^^^^^^^^^^^^^^

warning: missing documentation for a module
 --> crates/iam-core/src/lib.rs:4:1
  |
4 | pub mod config;
  | ^^^^^^^^^^^^^^

warning: missing documentation for a module
 --> crates/iam-core/src/error.rs:3:1
  |
3 | pub mod codes;
  | ^^^^^^^^^^^^^

warning: missing documentation for a type alias
  --> crates/iam-core/src/error.rs:10:1
   |
10 | pub type Result<T> = std::result::Result<T, ApiError>;
   | ^^^^^^^^^^^^^^^^^^

warning: missing documentation for a variant
  --> crates/iam-core/src/error/codes.rs:11:5
   |
11 |     InvalidCredentials,
   |     ^^^^^^^^^^^^^^^^^^

warning: missing documentation for a variant
  --> crates/iam-core/src/error/codes.rs:13:5
   |
13 |     TokenExpired,
   |     ^^^^^^^^^^^^

warning: missing documentation for a variant
  --> crates/iam-core/src/error/codes.rs:15:5
   |
15 |     TokenInvalid,
   |     ^^^^^^^^^^^^

warning: missing documentation for a variant
  --> crates/iam-core/src/error/codes.rs:17:5
   |
17 |     TokenMissing,
   |     ^^^^^^^^^^^^

warning: missing documentation for a variant
  --> crates/iam-core/src/error/codes.rs:19:5
   |
19 |     EmailNotVerified,
   |     ^^^^^^^^^^^^^^^^

warning: missing documentation for a variant
  --> crates/iam-core/src/error/codes.rs:21:5
   |
21 |     AccountLocked,
   |     ^^^^^^^^^^^^^

warning: missing documentation for a variant
  --> crates/iam-core/src/error/codes.rs:23:5
   |
23 |     AccountDisabled,
   |     ^^^^^^^^^^^^^^^

warning: missing documentation for a variant
  --> crates/iam-core/src/error/codes.rs:27:5
   |
27 |     InsufficientPermissions,
   |     ^^^^^^^^^^^^^^^^^^^^^^^

warning: missing documentation for a variant
  --> crates/iam-core/src/error/codes.rs:29:5
   |
29 |     ResourceAccessDenied,
   |     ^^^^^^^^^^^^^^^^^^^^

warning: missing documentation for a variant
  --> crates/iam-core/src/error/codes.rs:31:5
   |
31 |     RoleNotAuthorized,
   |     ^^^^^^^^^^^^^^^^^

warning: missing documentation for a variant
  --> crates/iam-core/src/error/codes.rs:35:5
   |
35 |     InvalidInput,
   |     ^^^^^^^^^^^^

warning: missing documentation for a variant
  --> crates/iam-core/src/error/codes.rs:37:5
   |
37 |     MissingRequiredField,
   |     ^^^^^^^^^^^^^^^^^^^^

warning: missing documentation for a variant
  --> crates/iam-core/src/error/codes.rs:39:5
   |
39 |     InvalidFormat,
   |     ^^^^^^^^^^^^^

warning: missing documentation for a variant
  --> crates/iam-core/src/error/codes.rs:41:5
   |
41 |     InvalidWalletAddress,
   |     ^^^^^^^^^^^^^^^^^^^^

warning: missing documentation for a variant
  --> crates/iam-core/src/error/codes.rs:43:5
   |
43 |     InvalidAmount,
   |     ^^^^^^^^^^^^^

warning: missing documentation for a variant
  --> crates/iam-core/src/error/codes.rs:45:5
   |
45 |     InvalidEmail,
   |     ^^^^^^^^^^^^

warning: missing documentation for a variant
  --> crates/iam-core/src/error/codes.rs:47:5
   |
47 |     InvalidPassword,
   |     ^^^^^^^^^^^^^^^

warning: missing documentation for a variant
  --> crates/iam-core/src/error/codes.rs:49:5
   |
49 |     PasswordTooWeak,
   |     ^^^^^^^^^^^^^^^

warning: missing documentation for a variant
  --> crates/iam-core/src/error/codes.rs:53:5
   |
53 |     NotFound,
   |     ^^^^^^^^

warning: missing documentation for a variant
  --> crates/iam-core/src/error/codes.rs:55:5
   |
55 |     AlreadyExists,
   |     ^^^^^^^^^^^^^

warning: missing documentation for a variant
  --> crates/iam-core/src/error/codes.rs:57:5
   |
57 |     Conflict,
   |     ^^^^^^^^

warning: missing documentation for a variant
  --> crates/iam-core/src/error/codes.rs:59:5
   |
59 |     Gone,
   |     ^^^^

warning: missing documentation for a variant
  --> crates/iam-core/src/error/codes.rs:63:5
   |
63 |     DatabaseConnectionFailed,
   |     ^^^^^^^^^^^^^^^^^^^^^^^^

warning: missing documentation for a variant
  --> crates/iam-core/src/error/codes.rs:65:5
   |
65 |     QueryFailed,
   |     ^^^^^^^^^^^

warning: missing documentation for a variant
  --> crates/iam-core/src/error/codes.rs:67:5
   |
67 |     DatabaseTransactionFailed,
   |     ^^^^^^^^^^^^^^^^^^^^^^^^^

warning: missing documentation for a variant
  --> crates/iam-core/src/error/codes.rs:69:5
   |
69 |     ConstraintViolation,
   |     ^^^^^^^^^^^^^^^^^^^

warning: missing documentation for a variant
  --> crates/iam-core/src/error/codes.rs:73:5
   |
73 |     ExternalServiceUnavailable,
   |     ^^^^^^^^^^^^^^^^^^^^^^^^^^

warning: missing documentation for a variant
  --> crates/iam-core/src/error/codes.rs:75:5
   |
75 |     ExternalServiceTimeout,
   |     ^^^^^^^^^^^^^^^^^^^^^^

warning: missing documentation for a variant
  --> crates/iam-core/src/error/codes.rs:77:5
   |
77 |     ExternalServiceError,
   |     ^^^^^^^^^^^^^^^^^^^^

warning: missing documentation for a variant
  --> crates/iam-core/src/error/codes.rs:79:5
   |
79 |     EmailServiceFailed,
   |     ^^^^^^^^^^^^^^^^^^

warning: missing documentation for a variant
  --> crates/iam-core/src/error/codes.rs:81:5
   |
81 |     ServiceUnavailable,
   |     ^^^^^^^^^^^^^^^^^^

warning: missing documentation for a variant
  --> crates/iam-core/src/error/codes.rs:85:5
   |
85 |     RateLimitExceeded,
   |     ^^^^^^^^^^^^^^^^^

warning: missing documentation for a variant
  --> crates/iam-core/src/error/codes.rs:87:5
   |
87 |     TooManyRequests,
   |     ^^^^^^^^^^^^^^^

warning: missing documentation for a variant
  --> crates/iam-core/src/error/codes.rs:91:5
   |
91 |     InternalServerError,
   |     ^^^^^^^^^^^^^^^^^^^

warning: missing documentation for a variant
  --> crates/iam-core/src/error/codes.rs:93:5
   |
93 |     ConfigurationError,
   |     ^^^^^^^^^^^^^^^^^^

warning: missing documentation for a variant
  --> crates/iam-core/src/error/codes.rs:95:5
   |
95 |     UnexpectedError,
   |     ^^^^^^^^^^^^^^^

warning: missing documentation for a struct field
  --> crates/iam-core/src/error/types.rs:13:5
   |
13 |     pub error: ErrorDetail,
   |     ^^^^^^^^^^^^^^^^^^^^^^

warning: missing documentation for a struct field
  --> crates/iam-core/src/error/types.rs:14:5
   |
14 |     pub request_id: String,
   |     ^^^^^^^^^^^^^^^^^^^^^^

warning: missing documentation for a struct field
  --> crates/iam-core/src/error/types.rs:15:5
   |
15 |     pub timestamp: String,
   |     ^^^^^^^^^^^^^^^^^^^^^

warning: missing documentation for a struct
  --> crates/iam-core/src/error/types.rs:19:1
   |
19 | pub struct ErrorDetail {
   | ^^^^^^^^^^^^^^^^^^^^^^

warning: missing documentation for a struct field
  --> crates/iam-core/src/error/types.rs:20:5
   |
20 |     pub code: ErrorCode,
   |     ^^^^^^^^^^^^^^^^^^^

warning: missing documentation for a struct field
  --> crates/iam-core/src/error/types.rs:21:5
   |
21 |     pub code_number: u16,
   |     ^^^^^^^^^^^^^^^^^^^^

warning: missing documentation for a struct field
  --> crates/iam-core/src/error/types.rs:22:5
   |
22 |     pub message: String,
   |     ^^^^^^^^^^^^^^^^^^^

warning: missing documentation for a struct field
  --> crates/iam-core/src/error/types.rs:23:5
   |
23 |     pub details: Option<String>,
   |     ^^^^^^^^^^^^^^^^^^^^^^^^^^^

warning: missing documentation for a struct field
  --> crates/iam-core/src/error/types.rs:25:5
   |
25 |     pub field: Option<String>,
   |     ^^^^^^^^^^^^^^^^^^^^^^^^^

warning: missing documentation for an enum
  --> crates/iam-core/src/error/types.rs:29:1
   |
29 | pub enum ApiError {
   | ^^^^^^^^^^^^^^^^^

warning: missing documentation for a variant
  --> crates/iam-core/src/error/types.rs:31:5
   |
31 |     Authentication(String),
   |     ^^^^^^^^^^^^^^

warning: missing documentation for a variant
  --> crates/iam-core/src/error/types.rs:34:5
   |
34 |     Authorization(String),
   |     ^^^^^^^^^^^^^

warning: missing documentation for a variant
  --> crates/iam-core/src/error/types.rs:37:5
   |
37 |     BadRequest(String),
   |     ^^^^^^^^^^

warning: missing documentation for a variant
  --> crates/iam-core/src/error/types.rs:40:5
   |
40 |     Unauthorized(String),
   |     ^^^^^^^^^^^^

warning: missing documentation for a variant
  --> crates/iam-core/src/error/types.rs:43:5
   |
43 |     Forbidden(String),
   |     ^^^^^^^^^

warning: missing documentation for a variant
  --> crates/iam-core/src/error/types.rs:46:5
   |
46 |     Validation(String),
   |     ^^^^^^^^^^

warning: missing documentation for a variant
  --> crates/iam-core/src/error/types.rs:49:5
   |
49 |     Database(#[from] sqlx::Error),
   |     ^^^^^^^^

warning: missing documentation for a variant
  --> crates/iam-core/src/error/types.rs:52:5
   |
52 |     Redis(String),
   |     ^^^^^

warning: missing documentation for a variant
  --> crates/iam-core/src/error/types.rs:55:5
   |
55 |     Blockchain(String),
   |     ^^^^^^^^^^

warning: missing documentation for a variant
  --> crates/iam-core/src/error/types.rs:58:5
   |
58 |     ExternalService(String),
   |     ^^^^^^^^^^^^^^^

warning: missing documentation for a variant
  --> crates/iam-core/src/error/types.rs:61:5
   |
61 |     Configuration(String),
   |     ^^^^^^^^^^^^^

warning: missing documentation for a variant
  --> crates/iam-core/src/error/types.rs:64:5
   |
64 |     NotFound(String),
   |     ^^^^^^^^

warning: missing documentation for a variant
  --> crates/iam-core/src/error/types.rs:67:5
   |
67 |     Conflict(String),
   |     ^^^^^^^^

warning: missing documentation for a variant
  --> crates/iam-core/src/error/types.rs:70:5
   |
70 |     Internal(String),
   |     ^^^^^^^^

warning: missing documentation for a variant
  --> crates/iam-core/src/error/types.rs:73:5
   |
73 |     RateLimitExceeded(String),
   |     ^^^^^^^^^^^^^^^^^

warning: missing documentation for a variant
  --> crates/iam-core/src/error/types.rs:77:5
   |
77 |     WithCode(ErrorCode, String),
   |     ^^^^^^^^

warning: missing documentation for a variant
  --> crates/iam-core/src/error/types.rs:80:5
   |
80 |     WithCodeAndDetails(ErrorCode, String, String),
   |     ^^^^^^^^^^^^^^^^^^

warning: missing documentation for a variant
  --> crates/iam-core/src/error/types.rs:83:5
   |
83 |     ValidationWithField {
   |     ^^^^^^^^^^^^^^^^^^^

warning: missing documentation for a struct field
  --> crates/iam-core/src/error/types.rs:84:9
   |
84 |         code: ErrorCode,
   |         ^^^^^^^^^^^^^^^

warning: missing documentation for a struct field
  --> crates/iam-core/src/error/types.rs:85:9
   |
85 |         field: String,
   |         ^^^^^^^^^^^^^

warning: missing documentation for a struct field
  --> crates/iam-core/src/error/types.rs:86:9
   |
86 |         message: String,
   |         ^^^^^^^^^^^^^^^

warning: missing documentation for an associated function
   --> crates/iam-core/src/error/types.rs:100:5
    |
100 |     pub fn with_code(code: ErrorCode, message: impl Into<String>) -> Self {
    |     ^^^^^^^^^^^^^^^^^^^^^^^^^^^^^^^^^^^^^^^^^^^^^^^^^^^^^^^^^^^^^^^^^^^^^

warning: missing documentation for an associated function
   --> crates/iam-core/src/error/types.rs:104:5
    |
104 |     pub fn with_details(code: ErrorCode, message: impl Into<String>, details: impl Into<String>) -> Self {
    |     ^^^^^^^^^^^^^^^^^^^^^^^^^^^^^^^^^^^^^^^^^^^^^^^^^^^^^^^^^^^^^^^^^^^^^^^^^^^^^^^^^^^^^^^^^^^^^^^^^^^^

warning: missing documentation for a module
 --> crates/iam-core/src/domain.rs:1:1
  |
1 | pub mod identity;
  | ^^^^^^^^^^^^^^^^

warning: missing documentation for a module
 --> crates/iam-core/src/domain/identity.rs:1:1
  |
1 | pub mod auth;
  | ^^^^^^^^^^^^

warning: missing documentation for a module
 --> crates/iam-core/src/domain/identity.rs:3:1
  |
3 | pub mod models;
  | ^^^^^^^^^^^^^^

warning: missing documentation for a module
 --> crates/iam-core/src/domain/identity.rs:4:1
  |
4 | pub mod events;
  | ^^^^^^^^^^^^^^

warning: missing documentation for a module
 --> crates/iam-core/src/domain/identity.rs:5:1
  |
5 | pub mod keys;
  | ^^^^^^^^^^^^

warning: missing documentation for a struct field
  --> crates/iam-core/src/domain/identity/auth.rs:12:5
   |
12 |     pub sub: Uuid,        // Subject (user ID)
   |     ^^^^^^^^^^^^^

warning: missing documentation for a struct field
  --> crates/iam-core/src/domain/identity/auth.rs:13:5
   |
13 |     pub username: String, // Username
   |     ^^^^^^^^^^^^^^^^^^^^

warning: missing documentation for a struct field
  --> crates/iam-core/src/domain/identity/auth.rs:14:5
   |
14 |     pub role: String,     // User role (user, admin, ami)
   |     ^^^^^^^^^^^^^^^^

warning: missing documentation for a struct field
  --> crates/iam-core/src/domain/identity/auth.rs:15:5
   |
15 |     pub exp: i64,         // Expiration time
   |     ^^^^^^^^^^^^

warning: missing documentation for a struct field
  --> crates/iam-core/src/domain/identity/auth.rs:16:5
   |
16 |     pub iat: i64,         // Issued at
   |     ^^^^^^^^^^^^

warning: missing documentation for a struct field
  --> crates/iam-core/src/domain/identity/auth.rs:17:5
   |
17 |     pub iss: String,      // Issuer
   |     ^^^^^^^^^^^^^^^

warning: missing documentation for an associated function
  --> crates/iam-core/src/domain/identity/auth.rs:21:5
   |
21 |     pub fn new(user_id: Uuid, username: String, role: String) -> Self {
   |     ^^^^^^^^^^^^^^^^^^^^^^^^^^^^^^^^^^^^^^^^^^^^^^^^^^^^^^^^^^^^^^^^^

warning: missing documentation for a method
  --> crates/iam-core/src/domain/identity/auth.rs:35:5
   |
35 |     pub fn is_expired(&self) -> bool {
   |     ^^^^^^^^^^^^^^^^^^^^^^^^^^^^^^^^

warning: missing documentation for a method
  --> crates/iam-core/src/domain/identity/auth.rs:39:5
   |
39 |     pub fn has_role(&self, required_role: &str) -> bool {
   |     ^^^^^^^^^^^^^^^^^^^^^^^^^^^^^^^^^^^^^^^^^^^^^^^^^^^

warning: missing documentation for a method
  --> crates/iam-core/src/domain/identity/auth.rs:43:5
   |
43 |     pub fn has_any_role(&self, required_roles: &[&str]) -> bool {
   |     ^^^^^^^^^^^^^^^^^^^^^^^^^^^^^^^^^^^^^^^^^^^^^^^^^^^^^^^^^^^

warning: missing documentation for a struct field
  --> crates/iam-core/src/domain/identity/auth.rs:51:5
   |
51 |     pub id: Uuid,
   |     ^^^^^^^^^^^^

warning: missing documentation for a struct field
  --> crates/iam-core/src/domain/identity/auth.rs:52:5
   |
52 |     pub key_hash: String,
   |     ^^^^^^^^^^^^^^^^^^^^

warning: missing documentation for a struct field
  --> crates/iam-core/src/domain/identity/auth.rs:53:5
   |
53 |     pub name: String,
   |     ^^^^^^^^^^^^^^^^

warning: missing documentation for a struct field
  --> crates/iam-core/src/domain/identity/auth.rs:54:5
   |
54 |     pub role: String,
   |     ^^^^^^^^^^^^^^^^

warning: missing documentation for a struct field
  --> crates/iam-core/src/domain/identity/auth.rs:55:5
   |
55 |     pub permissions: Vec<String>,
   |     ^^^^^^^^^^^^^^^^^^^^^^^^^^^^

warning: missing documentation for a struct field
  --> crates/iam-core/src/domain/identity/auth.rs:56:5
   |
56 |     pub is_active: bool,
   |     ^^^^^^^^^^^^^^^^^^^

warning: missing documentation for a struct field
  --> crates/iam-core/src/domain/identity/auth.rs:57:5
   |
57 |     pub created_at: DateTime<Utc>,
   |     ^^^^^^^^^^^^^^^^^^^^^^^^^^^^^

warning: missing documentation for a struct field
  --> crates/iam-core/src/domain/identity/auth.rs:58:5
   |
58 |     pub last_used_at: Option<DateTime<Utc>>,
   |     ^^^^^^^^^^^^^^^^^^^^^^^^^^^^^^^^^^^^^^^

warning: missing documentation for a struct field
  --> crates/iam-core/src/domain/identity/auth.rs:64:5
   |
64 |     pub access_token: String,
   |     ^^^^^^^^^^^^^^^^^^^^^^^^

warning: missing documentation for a struct field
  --> crates/iam-core/src/domain/identity/auth.rs:65:5
   |
65 |     pub token_type: String,
   |     ^^^^^^^^^^^^^^^^^^^^^^

warning: missing documentation for a struct field
  --> crates/iam-core/src/domain/identity/auth.rs:66:5
   |
66 |     pub expires_in: i64,
   |     ^^^^^^^^^^^^^^^^^^^

warning: missing documentation for a struct field
  --> crates/iam-core/src/domain/identity/auth.rs:67:5
   |
67 |     pub user: SecureUserInfo,
   |     ^^^^^^^^^^^^^^^^^^^^^^^^

warning: missing documentation for a struct field
  --> crates/iam-core/src/domain/identity/auth.rs:73:5
   |
73 |     pub id: Uuid,
   |     ^^^^^^^^^^^^

warning: missing documentation for a struct field
  --> crates/iam-core/src/domain/identity/auth.rs:74:5
   |
74 |     pub username: String,
   |     ^^^^^^^^^^^^^^^^^^^^

warning: missing documentation for a struct field
  --> crates/iam-core/src/domain/identity/auth.rs:75:5
   |
75 |     pub email: String,
   |     ^^^^^^^^^^^^^^^^^

warning: missing documentation for a struct field
  --> crates/iam-core/src/domain/identity/auth.rs:76:5
   |
76 |     pub role: String,
   |     ^^^^^^^^^^^^^^^^

warning: missing documentation for a struct field
  --> crates/iam-core/src/domain/identity/auth.rs:77:5
   |
77 |     pub wallet_address: Option<String>,
   |     ^^^^^^^^^^^^^^^^^^^^^^^^^^^^^^^^^^

warning: missing documentation for a struct field
  --> crates/iam-core/src/domain/identity/auth.rs:83:5
   |
83 |     pub username: String,
   |     ^^^^^^^^^^^^^^^^^^^^

warning: missing documentation for a struct field
  --> crates/iam-core/src/domain/identity/auth.rs:84:5
   |
84 |     pub email: String,
   |     ^^^^^^^^^^^^^^^^^

warning: missing documentation for a struct field
  --> crates/iam-core/src/domain/identity/auth.rs:85:5
   |
85 |     pub role: String,
   |     ^^^^^^^^^^^^^^^^

warning: missing documentation for a struct field
  --> crates/iam-core/src/domain/identity/auth.rs:86:5
   |
86 |     pub blockchain_registered: bool,
   |     ^^^^^^^^^^^^^^^^^^^^^^^^^^^^^^^

warning: missing documentation for an associated function
  --> crates/iam-core/src/domain/identity/roles.rs:12:5
   |
12 |     pub fn new(resource: &str, action: &str) -> Self {
   |     ^^^^^^^^^^^^^^^^^^^^^^^^^^^^^^^^^^^^^^^^^^^^^^^^

warning: missing documentation for an associated function
  --> crates/iam-core/src/domain/identity/roles.rs:16:5
   |
16 |     pub fn wildcard(resource: &str) -> Self {
   |     ^^^^^^^^^^^^^^^^^^^^^^^^^^^^^^^^^^^^^^^

warning: missing documentation for a method
  --> crates/iam-core/src/domain/identity/roles.rs:20:5
   |
20 |     pub fn resource(&self) -> &str {
   |     ^^^^^^^^^^^^^^^^^^^^^^^^^^^^^^

warning: missing documentation for a method
  --> crates/iam-core/src/domain/identity/roles.rs:24:5
   |
24 |     pub fn action(&self) -> &str {
   |     ^^^^^^^^^^^^^^^^^^^^^^^^^^^^

warning: missing documentation for a method
  --> crates/iam-core/src/domain/identity/roles.rs:28:5
   |
28 |     pub fn is_wildcard(&self) -> bool {
   |     ^^^^^^^^^^^^^^^^^^^^^^^^^^^^^^^^^

warning: missing documentation for a variant
  --> crates/iam-core/src/domain/identity/roles.rs:63:5
   |
63 |     User,
   |     ^^^^

warning: missing documentation for a variant
  --> crates/iam-core/src/domain/identity/roles.rs:64:5
   |
64 |     Admin,
   |     ^^^^^

warning: missing documentation for a variant
  --> crates/iam-core/src/domain/identity/roles.rs:65:5
   |
65 |     AMI,
   |     ^^^

warning: missing documentation for a variant
  --> crates/iam-core/src/domain/identity/roles.rs:66:5
   |
66 |     Producer,
   |     ^^^^^^^^

warning: missing documentation for a variant
  --> crates/iam-core/src/domain/identity/roles.rs:67:5
   |
67 |     Consumer,
   |     ^^^^^^^^

warning: missing documentation for a variant
  --> crates/iam-core/src/domain/identity/roles.rs:68:5
   |
68 |     Operator,
   |     ^^^^^^^^

warning: missing documentation for a struct
   --> crates/iam-core/src/domain/identity/roles.rs:225:1
    |
225 | pub struct RoleParseError(String);
    | ^^^^^^^^^^^^^^^^^^^^^^^^^

warning: missing documentation for a variant
 --> crates/iam-core/src/domain/identity/models.rs:9:5
  |
9 |     Prosumer = 0,
  |     ^^^^^^^^

warning: missing documentation for a variant
  --> crates/iam-core/src/domain/identity/models.rs:10:5
   |
10 |     Consumer = 1,
   |     ^^^^^^^^

warning: missing documentation for a struct field
  --> crates/iam-core/src/domain/identity/models.rs:16:5
   |
16 |     pub id: Uuid,
   |     ^^^^^^^^^^^^

warning: missing documentation for a struct field
  --> crates/iam-core/src/domain/identity/models.rs:17:5
   |
17 |     pub user_id: Uuid,
   |     ^^^^^^^^^^^^^^^^^

warning: missing documentation for a struct field
  --> crates/iam-core/src/domain/identity/models.rs:18:5
   |
18 |     pub wallet_address: String,
   |     ^^^^^^^^^^^^^^^^^^^^^^^^^^

warning: missing documentation for a struct field
  --> crates/iam-core/src/domain/identity/models.rs:19:5
   |
19 |     pub label: Option<String>,
   |     ^^^^^^^^^^^^^^^^^^^^^^^^^

warning: missing documentation for a struct field
  --> crates/iam-core/src/domain/identity/models.rs:20:5
   |
20 |     pub is_primary: bool,
   |     ^^^^^^^^^^^^^^^^^^^^

warning: missing documentation for a struct field
  --> crates/iam-core/src/domain/identity/models.rs:21:5
   |
21 |     pub verified: bool,
   |     ^^^^^^^^^^^^^^^^^^

warning: missing documentation for a struct field
  --> crates/iam-core/src/domain/identity/models.rs:22:5
   |
22 |     pub blockchain_registered: bool,
   |     ^^^^^^^^^^^^^^^^^^^^^^^^^^^^^^^

warning: missing documentation for a struct field
  --> crates/iam-core/src/domain/identity/models.rs:23:5
   |
23 |     pub user_account_pda: Option<String>,
   |     ^^^^^^^^^^^^^^^^^^^^^^^^^^^^^^^^^^^^

warning: missing documentation for a struct field
  --> crates/iam-core/src/domain/identity/models.rs:24:5
   |
24 |     pub shard_id: Option<u8>,
   |     ^^^^^^^^^^^^^^^^^^^^^^^^

warning: missing documentation for a struct field
  --> crates/iam-core/src/domain/identity/models.rs:25:5
   |
25 |     pub blockchain_tx_signature: Option<String>,
   |     ^^^^^^^^^^^^^^^^^^^^^^^^^^^^^^^^^^^^^^^^^^^

warning: missing documentation for a struct field
  --> crates/iam-core/src/domain/identity/models.rs:26:5
   |
26 |     pub created_at: DateTime<Utc>,
   |     ^^^^^^^^^^^^^^^^^^^^^^^^^^^^^

warning: missing documentation for a struct field
  --> crates/iam-core/src/domain/identity/models.rs:32:5
   |
32 |     pub id: Uuid,
   |     ^^^^^^^^^^^^

warning: missing documentation for a struct field
  --> crates/iam-core/src/domain/identity/models.rs:33:5
   |
33 |     pub username: String,
   |     ^^^^^^^^^^^^^^^^^^^^

warning: missing documentation for a struct field
  --> crates/iam-core/src/domain/identity/models.rs:34:5
   |
34 |     pub email: String,
   |     ^^^^^^^^^^^^^^^^^

warning: missing documentation for a struct field
  --> crates/iam-core/src/domain/identity/models.rs:35:5
   |
35 |     pub role: String,
   |     ^^^^^^^^^^^^^^^^

warning: missing documentation for a struct field
  --> crates/iam-core/src/domain/identity/models.rs:36:5
   |
36 |     pub first_name: Option<String>,
   |     ^^^^^^^^^^^^^^^^^^^^^^^^^^^^^^

warning: missing documentation for a struct field
  --> crates/iam-core/src/domain/identity/models.rs:37:5
   |
37 |     pub last_name: Option<String>,
   |     ^^^^^^^^^^^^^^^^^^^^^^^^^^^^^

warning: missing documentation for a struct field
  --> crates/iam-core/src/domain/identity/models.rs:38:5
   |
38 |     pub wallet_address: Option<String>,
   |     ^^^^^^^^^^^^^^^^^^^^^^^^^^^^^^^^^^

warning: missing documentation for a struct field
  --> crates/iam-core/src/domain/identity/models.rs:39:5
   |
39 |     pub is_active: bool,
   |     ^^^^^^^^^^^^^^^^^^^

warning: missing documentation for a struct field
  --> crates/iam-core/src/domain/identity/models.rs:45:5
   |
45 |     pub user: User,
   |     ^^^^^^^^^^^^^^

warning: missing documentation for a struct field
  --> crates/iam-core/src/domain/identity/models.rs:46:5
   |
46 |     pub password_hash: String,
   |     ^^^^^^^^^^^^^^^^^^^^^^^^^

warning: missing documentation for a struct field
  --> crates/iam-core/src/domain/identity/models.rs:52:5
   |
52 |     pub access_token: String,
   |     ^^^^^^^^^^^^^^^^^^^^^^^^

warning: missing documentation for a struct field
  --> crates/iam-core/src/domain/identity/models.rs:53:5
   |
53 |     pub expires_in: i64,
   |     ^^^^^^^^^^^^^^^^^^^

warning: missing documentation for a struct field
  --> crates/iam-core/src/domain/identity/models.rs:54:5
   |
54 |     pub user: User,
   |     ^^^^^^^^^^^^^^

warning: missing documentation for a struct field
  --> crates/iam-core/src/domain/identity/models.rs:60:5
   |
60 |     pub id: Uuid,
   |     ^^^^^^^^^^^^

warning: missing documentation for a struct field
  --> crates/iam-core/src/domain/identity/models.rs:61:5
   |
61 |     pub username: String,
   |     ^^^^^^^^^^^^^^^^^^^^

warning: missing documentation for a struct field
  --> crates/iam-core/src/domain/identity/models.rs:62:5
   |
62 |     pub email: String,
   |     ^^^^^^^^^^^^^^^^^

warning: missing documentation for a struct field
  --> crates/iam-core/src/domain/identity/models.rs:63:5
   |
63 |     pub first_name: Option<String>,
   |     ^^^^^^^^^^^^^^^^^^^^^^^^^^^^^^

warning: missing documentation for a struct field
  --> crates/iam-core/src/domain/identity/models.rs:64:5
   |
64 |     pub last_name: Option<String>,
   |     ^^^^^^^^^^^^^^^^^^^^^^^^^^^^^

warning: missing documentation for a struct field
  --> crates/iam-core/src/domain/identity/models.rs:65:5
   |
65 |     pub message: String,
   |     ^^^^^^^^^^^^^^^^^^^

warning: missing documentation for a struct field
  --> crates/iam-core/src/domain/identity/models.rs:71:5
   |
71 |     pub success: bool,
   |     ^^^^^^^^^^^^^^^^^

warning: missing documentation for a struct field
  --> crates/iam-core/src/domain/identity/models.rs:72:5
   |
72 |     pub message: String,
   |     ^^^^^^^^^^^^^^^^^^^

warning: missing documentation for a struct field
  --> crates/iam-core/src/domain/identity/models.rs:73:5
   |
73 |     pub wallet_address: Option<String>,
   |     ^^^^^^^^^^^^^^^^^^^^^^^^^^^^^^^^^^

warning: missing documentation for a struct field
  --> crates/iam-core/src/domain/identity/models.rs:74:5
   |
74 |     pub auth: Option<AuthResult>,
   |     ^^^^^^^^^^^^^^^^^^^^^^^^^^^^

warning: missing documentation for a struct field
  --> crates/iam-core/src/domain/identity/models.rs:80:5
   |
80 |     pub success: bool,
   |     ^^^^^^^^^^^^^^^^^

warning: missing documentation for a struct field
  --> crates/iam-core/src/domain/identity/models.rs:81:5
   |
81 |     pub message: String,
   |     ^^^^^^^^^^^^^^^^^^^

warning: missing documentation for a struct field
  --> crates/iam-core/src/domain/identity/models.rs:82:5
   |
82 |     pub transaction_signature: Option<String>,
   |     ^^^^^^^^^^^^^^^^^^^^^^^^^^^^^^^^^^^^^^^^^

warning: missing documentation for an associated function
  --> crates/iam-core/src/domain/identity/events.rs:22:5
   |
22 |     pub fn new(event_type: &str, source: &str) -> Self {
   |     ^^^^^^^^^^^^^^^^^^^^^^^^^^^^^^^^^^^^^^^^^^^^^^^^^^

warning: missing documentation for a method
  --> crates/iam-core/src/domain/identity/events.rs:32:5
   |
32 |     pub fn with_data(mut self, data: serde_json::Value) -> Self {
   |     ^^^^^^^^^^^^^^^^^^^^^^^^^^^^^^^^^^^^^^^^^^^^^^^^^^^^^^^^^^^

warning: missing documentation for a method
  --> crates/iam-core/src/traits.rs:15:5
   |
15 |     async fn find_by_username_or_email(&self, identity: &str) -> Result<Option<UserWithHash>>;
   |     ^^^^^^^^^^^^^^^^^^^^^^^^^^^^^^^^^^^^^^^^^^^^^^^^^^^^^^^^^^^^^^^^^^^^^^^^^^^^^^^^^^^^^^^^^^

warning: missing documentation for a method
  --> crates/iam-core/src/traits.rs:16:5
   |
16 |     async fn find_by_id(&self, id: Uuid) -> Result<Option<User>>;
   |     ^^^^^^^^^^^^^^^^^^^^^^^^^^^^^^^^^^^^^^^^^^^^^^^^^^^^^^^^^^^^^

warning: missing documentation for a method
  --> crates/iam-core/src/traits.rs:17:5
   |
17 | /     async fn create(
18 | |         &self,
19 | |         id: Uuid,
20 | |         username: &str,
...  |
25 | |         last_name: Option<&str>,
26 | |     ) -> Result<()>;
   | |____________________^

warning: missing documentation for a method
  --> crates/iam-core/src/traits.rs:27:5
   |
27 |     async fn verify_email(&self, email: &str, mock_wallet: &str) -> Result<Option<User>>;
   |     ^^^^^^^^^^^^^^^^^^^^^^^^^^^^^^^^^^^^^^^^^^^^^^^^^^^^^^^^^^^^^^^^^^^^^^^^^^^^^^^^^^^^^

warning: missing documentation for a method
  --> crates/iam-core/src/traits.rs:28:5
   |
28 |     async fn update_password(&self, email: &str, password_hash: &str) -> Result<u64>;
   |     ^^^^^^^^^^^^^^^^^^^^^^^^^^^^^^^^^^^^^^^^^^^^^^^^^^^^^^^^^^^^^^^^^^^^^^^^^^^^^^^^^

warning: missing documentation for a method
  --> crates/iam-core/src/traits.rs:35:5
   |
35 |     async fn list_by_user_id(&self, user_id: Uuid) -> Result<Vec<UserWallet>>;
   |     ^^^^^^^^^^^^^^^^^^^^^^^^^^^^^^^^^^^^^^^^^^^^^^^^^^^^^^^^^^^^^^^^^^^^^^^^^^

warning: missing documentation for a method
  --> crates/iam-core/src/traits.rs:36:5
   |
36 |     async fn find_by_id_and_user_id(&self, id: Uuid, user_id: Uuid) -> Result<Option<UserWallet>>;
   |     ^^^^^^^^^^^^^^^^^^^^^^^^^^^^^^^^^^^^^^^^^^^^^^^^^^^^^^^^^^^^^^^^^^^^^^^^^^^^^^^^^^^^^^^^^^^^^^

warning: missing documentation for a method
  --> crates/iam-core/src/traits.rs:37:5
   |
37 |     async fn set_primary(&self, user_id: Uuid, id: Uuid) -> Result<Option<UserWallet>>;
   |     ^^^^^^^^^^^^^^^^^^^^^^^^^^^^^^^^^^^^^^^^^^^^^^^^^^^^^^^^^^^^^^^^^^^^^^^^^^^^^^^^^^^

warning: missing documentation for a method
  --> crates/iam-core/src/traits.rs:38:5
   |
38 |     async fn delete_if_not_primary(&self, user_id: Uuid, id: Uuid) -> Result<bool>;
   |     ^^^^^^^^^^^^^^^^^^^^^^^^^^^^^^^^^^^^^^^^^^^^^^^^^^^^^^^^^^^^^^^^^^^^^^^^^^^^^^^

warning: missing documentation for a method
  --> crates/iam-core/src/traits.rs:39:5
   |
39 |     async fn exists(&self, user_id: Uuid, id: Uuid) -> Result<bool>;
   |     ^^^^^^^^^^^^^^^^^^^^^^^^^^^^^^^^^^^^^^^^^^^^^^^^^^^^^^^^^^^^^^^^

warning: missing documentation for a method
  --> crates/iam-core/src/traits.rs:40:5
   |
40 |     async fn has_any_wallet(&self, user_id: Uuid) -> Result<bool>;
   |     ^^^^^^^^^^^^^^^^^^^^^^^^^^^^^^^^^^^^^^^^^^^^^^^^^^^^^^^^^^^^^^

warning: missing documentation for a method
  --> crates/iam-core/src/traits.rs:41:5
   |
41 |     async fn clear_primary(&self, user_id: Uuid) -> Result<()>;
   |     ^^^^^^^^^^^^^^^^^^^^^^^^^^^^^^^^^^^^^^^^^^^^^^^^^^^^^^^^^^^

warning: missing documentation for a method
  --> crates/iam-core/src/traits.rs:42:5
   |
42 | /     async fn insert(
43 | |         &self,
44 | |         user_id: Uuid,
45 | |         address: &str,
46 | |         label: Option<&str>,
47 | |         is_primary: bool,
48 | |     ) -> Result<UserWallet>;
   | |____________________________^

warning: missing documentation for a method
  --> crates/iam-core/src/traits.rs:49:5
   |
49 |     async fn find_primary_address(&self, user_id: Uuid) -> Result<Option<String>>;
   |     ^^^^^^^^^^^^^^^^^^^^^^^^^^^^^^^^^^^^^^^^^^^^^^^^^^^^^^^^^^^^^^^^^^^^^^^^^^^^^^

warning: missing documentation for a method
  --> crates/iam-core/src/traits.rs:50:5
   |
50 |     async fn mark_registered(&self, user_id: Uuid, address: &str, signature: &str) -> Result<()>;
   |     ^^^^^^^^^^^^^^^^^^^^^^^^^^^^^^^^^^^^^^^^^^^^^^^^^^^^^^^^^^^^^^^^^^^^^^^^^^^^^^^^^^^^^^^^^^^^^

warning: missing documentation for a method
  --> crates/iam-core/src/traits.rs:57:5
   |
57 |     async fn find_by_hash(&self, hash: &str) -> Result<Option<ApiKey>>;
   |     ^^^^^^^^^^^^^^^^^^^^^^^^^^^^^^^^^^^^^^^^^^^^^^^^^^^^^^^^^^^^^^^^^^^

warning: missing documentation for a method
  --> crates/iam-core/src/traits.rs:58:5
   |
58 |     async fn update_last_used(&self, id: Uuid) -> Result<()>;
   |     ^^^^^^^^^^^^^^^^^^^^^^^^^^^^^^^^^^^^^^^^^^^^^^^^^^^^^^^^^

warning: missing documentation for a method
  --> crates/iam-core/src/traits.rs:65:5
   |
65 |     async fn ping(&self) -> Result<()>;
   |     ^^^^^^^^^^^^^^^^^^^^^^^^^^^^^^^^^^^

warning: missing documentation for a method
  --> crates/iam-core/src/traits.rs:66:5
   |
66 |     async fn get_value(&self, key: &str) -> Result<Option<Value>>;
   |     ^^^^^^^^^^^^^^^^^^^^^^^^^^^^^^^^^^^^^^^^^^^^^^^^^^^^^^^^^^^^^^

warning: missing documentation for a method
  --> crates/iam-core/src/traits.rs:67:5
   |
67 |     async fn set_value(&self, key: &str, value: Value, ttl_secs: Option<u64>) -> Result<()>;
   |     ^^^^^^^^^^^^^^^^^^^^^^^^^^^^^^^^^^^^^^^^^^^^^^^^^^^^^^^^^^^^^^^^^^^^^^^^^^^^^^^^^^^^^^^^

warning: missing documentation for a method
  --> crates/iam-core/src/traits.rs:68:5
   |
68 |     async fn delete(&self, key: &str) -> Result<()>;
   |     ^^^^^^^^^^^^^^^^^^^^^^^^^^^^^^^^^^^^^^^^^^^^^^^^

warning: missing documentation for a method
  --> crates/iam-core/src/traits.rs:69:5
   |
69 |     async fn increment(&self, key: &str) -> Result<u64>;
   |     ^^^^^^^^^^^^^^^^^^^^^^^^^^^^^^^^^^^^^^^^^^^^^^^^^^^^

warning: missing documentation for a method
  --> crates/iam-core/src/traits.rs:70:5
   |
70 |     async fn exists(&self, key: &str) -> Result<bool>;
   |     ^^^^^^^^^^^^^^^^^^^^^^^^^^^^^^^^^^^^^^^^^^^^^^^^^^

warning: missing documentation for a method
  --> crates/iam-core/src/traits.rs:77:5
   |
77 |     async fn send_password_reset(&self, email: &str, reset_url: &str) -> Result<()>;
   |     ^^^^^^^^^^^^^^^^^^^^^^^^^^^^^^^^^^^^^^^^^^^^^^^^^^^^^^^^^^^^^^^^^^^^^^^^^^^^^^^^

warning: missing documentation for a method
  --> crates/iam-core/src/traits.rs:84:5
   |
84 |     async fn publish(&self, event: &crate::domain::identity::Event) -> Result<()>;
   |     ^^^^^^^^^^^^^^^^^^^^^^^^^^^^^^^^^^^^^^^^^^^^^^^^^^^^^^^^^^^^^^^^^^^^^^^^^^^^^^

warning: missing documentation for a method
  --> crates/iam-core/src/traits.rs:90:5
   |
90 | /     fn register_user_on_chain(
91 | |         &self,
92 | |         authority: Pubkey,
93 | |         user_type: UserType,
...  |
97 | |         shard_id: u8,
98 | |     ) -> BoxFuture<'static, Result<Signature>>;
   | |_______________________________________________^

warning: missing documentation for a struct
 --> crates/iam-core/src/config.rs:6:1
  |
6 | pub struct Config {
  | ^^^^^^^^^^^^^^^^^

warning: missing documentation for a struct field
 --> crates/iam-core/src/config.rs:7:5
  |
7 |     pub environment: String,
  |     ^^^^^^^^^^^^^^^^^^^^^^^

warning: missing documentation for a struct field
 --> crates/iam-core/src/config.rs:8:5
  |
8 |     pub port: u16,
  |     ^^^^^^^^^^^^^

warning: missing documentation for a struct field
 --> crates/iam-core/src/config.rs:9:5
  |
9 |     pub database_url: String,
  |     ^^^^^^^^^^^^^^^^^^^^^^^^

warning: missing documentation for a struct field
  --> crates/iam-core/src/config.rs:10:5
   |
10 |     pub redis_url: String,
   |     ^^^^^^^^^^^^^^^^^^^^^

warning: missing documentation for a struct field
  --> crates/iam-core/src/config.rs:11:5
   |
11 |     pub jwt_secret: String,
   |     ^^^^^^^^^^^^^^^^^^^^^^

warning: missing documentation for a struct field
  --> crates/iam-core/src/config.rs:12:5
   |
12 |     pub jwt_expiration: i64,
   |     ^^^^^^^^^^^^^^^^^^^^^^^

warning: missing documentation for a struct field
  --> crates/iam-core/src/config.rs:13:5
   |
13 |     pub encryption_secret: String,
   |     ^^^^^^^^^^^^^^^^^^^^^^^^^^^^^

warning: missing documentation for a struct field
  --> crates/iam-core/src/config.rs:14:5
   |
14 |     pub api_key_secret: String,
   |     ^^^^^^^^^^^^^^^^^^^^^^^^^^

warning: missing documentation for a struct field
  --> crates/iam-core/src/config.rs:15:5
   |
15 |     pub log_level: String,
   |     ^^^^^^^^^^^^^^^^^^^^^

warning: missing documentation for a struct field
  --> crates/iam-core/src/config.rs:16:5
   |
16 |     pub test_mode: bool,
   |     ^^^^^^^^^^^^^^^^^^^

warning: missing documentation for a struct field
  --> crates/iam-core/src/config.rs:17:5
   |
17 |     pub solana_rpc_url: String,
   |     ^^^^^^^^^^^^^^^^^^^^^^^^^^

warning: missing documentation for a struct field
  --> crates/iam-core/src/config.rs:18:5
   |
18 |     pub chain_bridge_url: String,
   |     ^^^^^^^^^^^^^^^^^^^^^^^^^^^^

warning: missing documentation for a struct field
  --> crates/iam-core/src/config.rs:19:5
   |
19 |     pub solana_cluster: String,
   |     ^^^^^^^^^^^^^^^^^^^^^^^^^^

warning: missing documentation for a struct field
  --> crates/iam-core/src/config.rs:20:5
   |
20 |     pub master_secret: String,
   |     ^^^^^^^^^^^^^^^^^^^^^^^^^

warning: missing documentation for a struct field
  --> crates/iam-core/src/config.rs:21:5
   |
21 |     pub kafka_brokers: Option<String>,
   |     ^^^^^^^^^^^^^^^^^^^^^^^^^^^^^^^^^

warning: missing documentation for a struct field
  --> crates/iam-core/src/config.rs:22:5
   |
22 |     pub rabbitmq_url: Option<String>,
   |     ^^^^^^^^^^^^^^^^^^^^^^^^^^^^^^^^

warning: missing documentation for a struct field
  --> crates/iam-core/src/config.rs:23:5
   |
23 |     pub smtp_host: String,
   |     ^^^^^^^^^^^^^^^^^^^^^

warning: missing documentation for a struct field
  --> crates/iam-core/src/config.rs:24:5
   |
24 |     pub smtp_port: u16,
   |     ^^^^^^^^^^^^^^^^^^

warning: missing documentation for a struct field
  --> crates/iam-core/src/config.rs:25:5
   |
25 |     pub smtp_from: String,
   |     ^^^^^^^^^^^^^^^^^^^^^

warning: missing documentation for a struct field
  --> crates/iam-core/src/config.rs:26:5
   |
26 |     pub app_base_url: String,
   |     ^^^^^^^^^^^^^^^^^^^^^^^^

warning: missing documentation for an associated function
  --> crates/iam-core/src/config.rs:30:5
   |
30 |     pub fn from_env() -> Result<Self> {
   |     ^^^^^^^^^^^^^^^^^^^^^^^^^^^^^^^^^

warning: `iam-core` (lib) generated 213 warnings
warning: missing documentation for the crate
  --> crates/iam-protocol/build.rs:1:1
   |
 1 | / fn main() -> Result<(), Box<dyn std::error::Error>> {
 2 | |     let protos = &["proto/identity.proto"];
 3 | |     let includes = &["proto"];
...  |
11 | |     Ok(())
12 | | }
   | |_^
   |
   = note: requested on the command line with `-W missing-docs`

warning: `iam-protocol` (build script) generated 1 warning
warning: unused import: `uuid::Uuid`
 --> crates/iam-persistence/src/event_bus.rs:9:5
  |
9 | use uuid::Uuid;
  |     ^^^^^^^^^^
  |
  = note: `#[warn(unused_imports)]` (part of `#[warn(unused)]`) on by default

warning: unused import: `chrono::Utc`
  --> crates/iam-persistence/src/event_bus.rs:10:5
   |
10 | use chrono::Utc;
   |     ^^^^^^^^^^^

warning: missing documentation for the crate
 --> crates/iam-persistence/src/lib.rs:1:1
  |
1 | / pub mod cache;
2 | | pub mod event_bus;
3 | | pub mod email;
4 | | pub mod repository;
... |
8 | | pub use email::EmailService;
9 | | pub use repository::*;
  | |______________________^
  |
  = note: requested on the command line with `-W missing-docs`

warning: missing documentation for a module
 --> crates/iam-persistence/src/lib.rs:3:1
  |
3 | pub mod email;
  | ^^^^^^^^^^^^^

warning: missing documentation for a module
 --> crates/iam-persistence/src/lib.rs:4:1
  |
4 | pub mod repository;
  | ^^^^^^^^^^^^^^^^^^

warning: missing documentation for a module
  --> crates/iam-persistence/src/event_bus.rs:12:1
   |
12 | pub mod kafka;
   | ^^^^^^^^^^^^^

warning: missing documentation for a module
  --> crates/iam-persistence/src/event_bus.rs:13:1
   |
13 | pub mod rabbitmq;
   | ^^^^^^^^^^^^^^^^

warning: missing documentation for a struct field
  --> crates/iam-persistence/src/event_bus.rs:30:5
   |
30 |     pub kafka: Option<kafka::KafkaEventBus>,
   |     ^^^^^^^^^^^^^^^^^^^^^^^^^^^^^^^^^^^^^^^

warning: missing documentation for a struct field
  --> crates/iam-persistence/src/event_bus.rs:31:5
   |
31 |     pub rabbitmq: Option<rabbitmq::IamRabbitMQProducer>,
   |     ^^^^^^^^^^^^^^^^^^^^^^^^^^^^^^^^^^^^^^^^^^^^^^^^^^^

warning: missing documentation for a struct field
  --> crates/iam-persistence/src/event_bus/kafka.rs:11:5
   |
11 |     pub user_events: String,
   |     ^^^^^^^^^^^^^^^^^^^^^^^

warning: missing documentation for a struct field
  --> crates/iam-persistence/src/event_bus/kafka.rs:12:5
   |
12 |     pub kyc_events: String,
   |     ^^^^^^^^^^^^^^^^^^^^^^

warning: missing documentation for a struct field
  --> crates/iam-persistence/src/event_bus/kafka.rs:13:5
   |
13 |     pub audit_events: String,
   |     ^^^^^^^^^^^^^^^^^^^^^^^^

warning: missing documentation for an associated function
  --> crates/iam-persistence/src/event_bus/kafka.rs:17:5
   |
17 |     pub fn with_prefix(prefix: &str) -> Self {
   |     ^^^^^^^^^^^^^^^^^^^^^^^^^^^^^^^^^^^^^^^^

warning: missing documentation for a struct field
  --> crates/iam-persistence/src/event_bus/kafka.rs:37:5
   |
37 |     pub topics: KafkaTopics,
   |     ^^^^^^^^^^^^^^^^^^^^^^^

warning: missing documentation for an associated function
  --> crates/iam-persistence/src/event_bus/kafka.rs:41:5
   |
41 |     pub async fn new(bootstrap_servers: &str, topic_prefix: Option<&str>) -> Result<Self> {
   |     ^^^^^^^^^^^^^^^^^^^^^^^^^^^^^^^^^^^^^^^^^^^^^^^^^^^^^^^^^^^^^^^^^^^^^^^^^^^^^^^^^^^^^

warning: missing documentation for a struct
  --> crates/iam-persistence/src/event_bus/rabbitmq.rs:10:1
   |
10 | pub struct IamRabbitMQProducer {
   | ^^^^^^^^^^^^^^^^^^^^^^^^^^^^^^

warning: missing documentation for an associated function
  --> crates/iam-persistence/src/event_bus/rabbitmq.rs:15:5
   |
15 |     pub async fn new(amqp_url: &str) -> Result<Self> {
   |     ^^^^^^^^^^^^^^^^^^^^^^^^^^^^^^^^^^^^^^^^^^^^^^^^

warning: missing documentation for a struct
 --> crates/iam-persistence/src/email.rs:9:1
  |
9 | pub struct EmailService {
  | ^^^^^^^^^^^^^^^^^^^^^^^

warning: missing documentation for an associated function
  --> crates/iam-persistence/src/email.rs:18:5
   |
18 |     pub fn new(host: &str, port: u16, from: &str) -> AnyhowResult<Self> {
   |     ^^^^^^^^^^^^^^^^^^^^^^^^^^^^^^^^^^^^^^^^^^^^^^^^^^^^^^^^^^^^^^^^^^^

warning: missing documentation for a module
 --> crates/iam-persistence/src/repository.rs:1:1
  |
1 | pub mod user;
  | ^^^^^^^^^^^^

warning: missing documentation for a module
 --> crates/iam-persistence/src/repository.rs:2:1
  |
2 | pub mod wallet;
  | ^^^^^^^^^^^^^^

warning: missing documentation for a module
 --> crates/iam-persistence/src/repository.rs:3:1
  |
3 | pub mod api_key;
  | ^^^^^^^^^^^^^^^

warning: missing documentation for a struct
 --> crates/iam-persistence/src/repository/user.rs:6:1
  |
6 | pub struct UserRow {
  | ^^^^^^^^^^^^^^^^^^

warning: missing documentation for a struct field
 --> crates/iam-persistence/src/repository/user.rs:7:5
  |
7 |     pub id: Uuid,
  |     ^^^^^^^^^^^^

warning: missing documentation for a struct field
 --> crates/iam-persistence/src/repository/user.rs:8:5
  |
8 |     pub username: String,
  |     ^^^^^^^^^^^^^^^^^^^^

warning: missing documentation for a struct field
 --> crates/iam-persistence/src/repository/user.rs:9:5
  |
9 |     pub email: String,
  |     ^^^^^^^^^^^^^^^^^

warning: missing documentation for a struct field
  --> crates/iam-persistence/src/repository/user.rs:10:5
   |
10 |     pub password_hash: String,
   |     ^^^^^^^^^^^^^^^^^^^^^^^^^

warning: missing documentation for a struct field
  --> crates/iam-persistence/src/repository/user.rs:11:5
   |
11 |     pub role: String,
   |     ^^^^^^^^^^^^^^^^

warning: missing documentation for a struct field
  --> crates/iam-persistence/src/repository/user.rs:12:5
   |
12 |     pub first_name: Option<String>,
   |     ^^^^^^^^^^^^^^^^^^^^^^^^^^^^^^

warning: missing documentation for a struct field
  --> crates/iam-persistence/src/repository/user.rs:13:5
   |
13 |     pub last_name: Option<String>,
   |     ^^^^^^^^^^^^^^^^^^^^^^^^^^^^^

warning: missing documentation for a struct field
  --> crates/iam-persistence/src/repository/user.rs:14:5
   |
14 |     pub wallet_address: Option<String>,
   |     ^^^^^^^^^^^^^^^^^^^^^^^^^^^^^^^^^^

warning: missing documentation for a method
  --> crates/iam-persistence/src/repository/user.rs:22:5
   |
22 |     pub fn into_domain(self) -> User {
   |     ^^^^^^^^^^^^^^^^^^^^^^^^^^^^^^^^

warning: missing documentation for a method
  --> crates/iam-persistence/src/repository/user.rs:35:5
   |
35 |     pub fn into_domain_with_hash(self) -> UserWithHash {
   |     ^^^^^^^^^^^^^^^^^^^^^^^^^^^^^^^^^^^^^^^^^^^^^^^^^^

warning: missing documentation for a struct
  --> crates/iam-persistence/src/repository/user.rs:43:1
   |
43 | pub struct UserRepository {
   | ^^^^^^^^^^^^^^^^^^^^^^^^^

warning: missing documentation for an associated function
  --> crates/iam-persistence/src/repository/user.rs:48:5
   |
48 |     pub fn new(pool: PgPool) -> Self {
   |     ^^^^^^^^^^^^^^^^^^^^^^^^^^^^^^^^

warning: missing documentation for a struct
 --> crates/iam-persistence/src/repository/wallet.rs:8:1
  |
8 | pub struct UserWalletRow {
  | ^^^^^^^^^^^^^^^^^^^^^^^^

warning: missing documentation for a struct field
 --> crates/iam-persistence/src/repository/wallet.rs:9:5
  |
9 |     pub id: Uuid,
  |     ^^^^^^^^^^^^

warning: missing documentation for a struct field
  --> crates/iam-persistence/src/repository/wallet.rs:10:5
   |
10 |     pub user_id: Uuid,
   |     ^^^^^^^^^^^^^^^^^

warning: missing documentation for a struct field
  --> crates/iam-persistence/src/repository/wallet.rs:11:5
   |
11 |     pub wallet_address: String,
   |     ^^^^^^^^^^^^^^^^^^^^^^^^^^

warning: missing documentation for a struct field
  --> crates/iam-persistence/src/repository/wallet.rs:12:5
   |
12 |     pub label: Option<String>,
   |     ^^^^^^^^^^^^^^^^^^^^^^^^^

warning: missing documentation for a struct field
  --> crates/iam-persistence/src/repository/wallet.rs:13:5
   |
13 |     pub is_primary: bool,
   |     ^^^^^^^^^^^^^^^^^^^^

warning: missing documentation for a struct field
  --> crates/iam-persistence/src/repository/wallet.rs:14:5
   |
14 |     pub verified: bool,
   |     ^^^^^^^^^^^^^^^^^^

warning: missing documentation for a struct field
  --> crates/iam-persistence/src/repository/wallet.rs:15:5
   |
15 |     pub blockchain_registered: bool,
   |     ^^^^^^^^^^^^^^^^^^^^^^^^^^^^^^^

warning: missing documentation for a struct field
  --> crates/iam-persistence/src/repository/wallet.rs:16:5
   |
16 |     pub user_account_pda: Option<String>,
   |     ^^^^^^^^^^^^^^^^^^^^^^^^^^^^^^^^^^^^

warning: missing documentation for a struct field
  --> crates/iam-persistence/src/repository/wallet.rs:17:5
   |
17 |     pub shard_id: Option<i16>,
   |     ^^^^^^^^^^^^^^^^^^^^^^^^^

warning: missing documentation for a struct field
  --> crates/iam-persistence/src/repository/wallet.rs:18:5
   |
18 |     pub blockchain_tx_signature: Option<String>,
   |     ^^^^^^^^^^^^^^^^^^^^^^^^^^^^^^^^^^^^^^^^^^^

warning: missing documentation for a struct field
  --> crates/iam-persistence/src/repository/wallet.rs:19:5
   |
19 |     pub created_at: DateTime<Utc>,
   |     ^^^^^^^^^^^^^^^^^^^^^^^^^^^^^

warning: missing documentation for a method
  --> crates/iam-persistence/src/repository/wallet.rs:26:5
   |
26 |     pub fn into_domain(self) -> UserWallet {
   |     ^^^^^^^^^^^^^^^^^^^^^^^^^^^^^^^^^^^^^^

warning: missing documentation for a struct
  --> crates/iam-persistence/src/repository/wallet.rs:43:1
   |
43 | pub struct WalletRepository {
   | ^^^^^^^^^^^^^^^^^^^^^^^^^^^

warning: missing documentation for an associated function
  --> crates/iam-persistence/src/repository/wallet.rs:48:5
   |
48 |     pub fn new(pool: PgPool) -> Self {
   |     ^^^^^^^^^^^^^^^^^^^^^^^^^^^^^^^^

warning: missing documentation for a struct
 --> crates/iam-persistence/src/repository/api_key.rs:7:1
  |
7 | pub struct ApiKeyRow {
  | ^^^^^^^^^^^^^^^^^^^^

warning: missing documentation for a struct field
 --> crates/iam-persistence/src/repository/api_key.rs:8:5
  |
8 |     pub id: Uuid,
  |     ^^^^^^^^^^^^

warning: missing documentation for a struct field
 --> crates/iam-persistence/src/repository/api_key.rs:9:5
  |
9 |     pub key_hash: String,
  |     ^^^^^^^^^^^^^^^^^^^^

warning: missing documentation for a struct field
  --> crates/iam-persistence/src/repository/api_key.rs:10:5
   |
10 |     pub name: String,
   |     ^^^^^^^^^^^^^^^^

warning: missing documentation for a struct field
  --> crates/iam-persistence/src/repository/api_key.rs:11:5
   |
11 |     pub role: String,
   |     ^^^^^^^^^^^^^^^^

warning: missing documentation for a struct field
  --> crates/iam-persistence/src/repository/api_key.rs:12:5
   |
12 |     pub permissions: Option<Vec<String>>,
   |     ^^^^^^^^^^^^^^^^^^^^^^^^^^^^^^^^^^^^

warning: missing documentation for a struct field
  --> crates/iam-persistence/src/repository/api_key.rs:13:5
   |
13 |     pub is_active: Option<bool>,
   |     ^^^^^^^^^^^^^^^^^^^^^^^^^^^

warning: missing documentation for a struct field
  --> crates/iam-persistence/src/repository/api_key.rs:14:5
   |
14 |     pub created_at: Option<DateTime<Utc>>,
   |     ^^^^^^^^^^^^^^^^^^^^^^^^^^^^^^^^^^^^^

warning: missing documentation for a struct field
  --> crates/iam-persistence/src/repository/api_key.rs:15:5
   |
15 |     pub last_used_at: Option<DateTime<Utc>>,
   |     ^^^^^^^^^^^^^^^^^^^^^^^^^^^^^^^^^^^^^^^

warning: missing documentation for a method
  --> crates/iam-persistence/src/repository/api_key.rs:23:5
   |
23 |     pub fn into_domain(self) -> ApiKey {
   |     ^^^^^^^^^^^^^^^^^^^^^^^^^^^^^^^^^^

warning: missing documentation for a struct
  --> crates/iam-persistence/src/repository/api_key.rs:37:1
   |
37 | pub struct ApiKeyRepository {
   | ^^^^^^^^^^^^^^^^^^^^^^^^^^^

warning: missing documentation for an associated function
  --> crates/iam-persistence/src/repository/api_key.rs:42:5
   |
42 |     pub fn new(pool: PgPool) -> Self {
   |     ^^^^^^^^^^^^^^^^^^^^^^^^^^^^^^^^

warning: `iam-persistence` (lib) generated 62 warnings (run `cargo fix --lib -p iam-persistence` to apply 2 suggestions)
warning: missing documentation for the crate
 --> crates/iam-protocol/src/lib.rs:1:1
  |
1 | / #![allow(unsafe_code)]
2 | |
3 | | // Generated code from proto
4 | | pub mod identity {
5 | |     include!(concat!(env!("OUT_DIR"), "/_identity_include.rs"));
6 | |     pub use identity::*;
7 | | }
  | |_^
  |
  = note: requested on the command line with `-W missing-docs`

warning: missing documentation for a module
 --> crates/iam-protocol/src/lib.rs:4:1
  |
4 | pub mod identity {
  | ^^^^^^^^^^^^^^^^

warning: missing documentation for a module
 --> /Users/chanthawat/Developments/gridtokenx-coresystem/gridtokenx-iam-service/target/debug/build/iam-protocol-712f8693f7b178a8/out/_identity_include.rs:4:1
  |
4 | pub mod identity {
  | ^^^^^^^^^^^^^^^^

warning: missing documentation for a struct
 --> /Users/chanthawat/Developments/gridtokenx-coresystem/gridtokenx-iam-service/target/debug/build/iam-protocol-712f8693f7b178a8/out/identity.rs:7:1
  |
7 | pub struct RegisterUserRequest {
  | ^^^^^^^^^^^^^^^^^^^^^^^^^^^^^^

warning: missing documentation for a struct
   --> /Users/chanthawat/Developments/gridtokenx-coresystem/gridtokenx-iam-service/target/debug/build/iam-protocol-712f8693f7b178a8/out/identity.rs:248:1
    |
248 | pub struct RegisterUserRequestView<'a> {
    | ^^^^^^^^^^^^^^^^^^^^^^^^^^^^^^^^^^^^^^

warning: missing documentation for a struct field
   --> /Users/chanthawat/Developments/gridtokenx-coresystem/gridtokenx-iam-service/target/debug/build/iam-protocol-712f8693f7b178a8/out/identity.rs:259:5
    |
259 |     pub __buffa_unknown_fields: ::buffa::UnknownFieldsView<'a>,
    |     ^^^^^^^^^^^^^^^^^^^^^^^^^^^^^^^^^^^^^^^^^^^^^^^^^^^^^^^^^^

warning: missing documentation for a struct
   --> /Users/chanthawat/Developments/gridtokenx-coresystem/gridtokenx-iam-service/target/debug/build/iam-protocol-712f8693f7b178a8/out/identity.rs:404:1
    |
404 | pub struct RegisterUserResponse {
    | ^^^^^^^^^^^^^^^^^^^^^^^^^^^^^^^

warning: missing documentation for a struct
   --> /Users/chanthawat/Developments/gridtokenx-coresystem/gridtokenx-iam-service/target/debug/build/iam-protocol-712f8693f7b178a8/out/identity.rs:614:1
    |
614 | pub struct RegisterUserResponseView<'a> {
    | ^^^^^^^^^^^^^^^^^^^^^^^^^^^^^^^^^^^^^^^

warning: missing documentation for a struct field
   --> /Users/chanthawat/Developments/gridtokenx-coresystem/gridtokenx-iam-service/target/debug/build/iam-protocol-712f8693f7b178a8/out/identity.rs:623:5
    |
623 |     pub __buffa_unknown_fields: ::buffa::UnknownFieldsView<'a>,
    |     ^^^^^^^^^^^^^^^^^^^^^^^^^^^^^^^^^^^^^^^^^^^^^^^^^^^^^^^^^^

warning: missing documentation for a struct
   --> /Users/chanthawat/Developments/gridtokenx-coresystem/gridtokenx-iam-service/target/debug/build/iam-protocol-712f8693f7b178a8/out/identity.rs:757:1
    |
757 | pub struct LinkWalletRequest {
    | ^^^^^^^^^^^^^^^^^^^^^^^^^^^^

warning: missing documentation for a struct
   --> /Users/chanthawat/Developments/gridtokenx-coresystem/gridtokenx-iam-service/target/debug/build/iam-protocol-712f8693f7b178a8/out/identity.rs:968:1
    |
968 | pub struct LinkWalletRequestView<'a> {
    | ^^^^^^^^^^^^^^^^^^^^^^^^^^^^^^^^^^^^

warning: missing documentation for a struct field
   --> /Users/chanthawat/Developments/gridtokenx-coresystem/gridtokenx-iam-service/target/debug/build/iam-protocol-712f8693f7b178a8/out/identity.rs:977:5
    |
977 |     pub __buffa_unknown_fields: ::buffa::UnknownFieldsView<'a>,
    |     ^^^^^^^^^^^^^^^^^^^^^^^^^^^^^^^^^^^^^^^^^^^^^^^^^^^^^^^^^^

warning: missing documentation for a struct
    --> /Users/chanthawat/Developments/gridtokenx-coresystem/gridtokenx-iam-service/target/debug/build/iam-protocol-712f8693f7b178a8/out/identity.rs:1111:1
     |
1111 | pub struct LinkWalletResponse {
     | ^^^^^^^^^^^^^^^^^^^^^^^^^^^^^

warning: missing documentation for a struct
    --> /Users/chanthawat/Developments/gridtokenx-coresystem/gridtokenx-iam-service/target/debug/build/iam-protocol-712f8693f7b178a8/out/identity.rs:1325:1
     |
1325 | pub struct LinkWalletResponseView<'a> {
     | ^^^^^^^^^^^^^^^^^^^^^^^^^^^^^^^^^^^^^

warning: missing documentation for a struct field
    --> /Users/chanthawat/Developments/gridtokenx-coresystem/gridtokenx-iam-service/target/debug/build/iam-protocol-712f8693f7b178a8/out/identity.rs:1334:5
     |
1334 |     pub __buffa_unknown_fields: ::buffa::UnknownFieldsView<'a>,
     |     ^^^^^^^^^^^^^^^^^^^^^^^^^^^^^^^^^^^^^^^^^^^^^^^^^^^^^^^^^^

warning: missing documentation for a struct
    --> /Users/chanthawat/Developments/gridtokenx-coresystem/gridtokenx-iam-service/target/debug/build/iam-protocol-712f8693f7b178a8/out/identity.rs:1468:1
     |
1468 | pub struct TokenRequest {
     | ^^^^^^^^^^^^^^^^^^^^^^^

warning: missing documentation for a struct
    --> /Users/chanthawat/Developments/gridtokenx-coresystem/gridtokenx-iam-service/target/debug/build/iam-protocol-712f8693f7b178a8/out/identity.rs:1582:1
     |
1582 | pub struct TokenRequestView<'a> {
     | ^^^^^^^^^^^^^^^^^^^^^^^^^^^^^^^

warning: missing documentation for a struct field
    --> /Users/chanthawat/Developments/gridtokenx-coresystem/gridtokenx-iam-service/target/debug/build/iam-protocol-712f8693f7b178a8/out/identity.rs:1585:5
     |
1585 |     pub __buffa_unknown_fields: ::buffa::UnknownFieldsView<'a>,
     |     ^^^^^^^^^^^^^^^^^^^^^^^^^^^^^^^^^^^^^^^^^^^^^^^^^^^^^^^^^^

warning: missing documentation for a struct
    --> /Users/chanthawat/Developments/gridtokenx-coresystem/gridtokenx-iam-service/target/debug/build/iam-protocol-712f8693f7b178a8/out/identity.rs:1684:1
     |
1684 | pub struct ClaimsResponse {
     | ^^^^^^^^^^^^^^^^^^^^^^^^^

warning: missing documentation for a struct
    --> /Users/chanthawat/Developments/gridtokenx-coresystem/gridtokenx-iam-service/target/debug/build/iam-protocol-712f8693f7b178a8/out/identity.rs:1920:1
     |
1920 | pub struct ClaimsResponseView<'a> {
     | ^^^^^^^^^^^^^^^^^^^^^^^^^^^^^^^^^

warning: missing documentation for a struct field
    --> /Users/chanthawat/Developments/gridtokenx-coresystem/gridtokenx-iam-service/target/debug/build/iam-protocol-712f8693f7b178a8/out/identity.rs:1931:5
     |
1931 |     pub __buffa_unknown_fields: ::buffa::UnknownFieldsView<'a>,
     |     ^^^^^^^^^^^^^^^^^^^^^^^^^^^^^^^^^^^^^^^^^^^^^^^^^^^^^^^^^^

warning: missing documentation for a struct
    --> /Users/chanthawat/Developments/gridtokenx-coresystem/gridtokenx-iam-service/target/debug/build/iam-protocol-712f8693f7b178a8/out/identity.rs:2076:1
     |
2076 | pub struct AuthorizeRequest {
     | ^^^^^^^^^^^^^^^^^^^^^^^^^^^

warning: missing documentation for a struct
    --> /Users/chanthawat/Developments/gridtokenx-coresystem/gridtokenx-iam-service/target/debug/build/iam-protocol-712f8693f7b178a8/out/identity.rs:2227:1
     |
2227 | pub struct AuthorizeRequestView<'a> {
     | ^^^^^^^^^^^^^^^^^^^^^^^^^^^^^^^^^^^

warning: missing documentation for a struct field
    --> /Users/chanthawat/Developments/gridtokenx-coresystem/gridtokenx-iam-service/target/debug/build/iam-protocol-712f8693f7b178a8/out/identity.rs:2232:5
     |
2232 |     pub __buffa_unknown_fields: ::buffa::UnknownFieldsView<'a>,
     |     ^^^^^^^^^^^^^^^^^^^^^^^^^^^^^^^^^^^^^^^^^^^^^^^^^^^^^^^^^^

warning: missing documentation for a struct
    --> /Users/chanthawat/Developments/gridtokenx-coresystem/gridtokenx-iam-service/target/debug/build/iam-protocol-712f8693f7b178a8/out/identity.rs:2344:1
     |
2344 | pub struct AuthorizeResponse {
     | ^^^^^^^^^^^^^^^^^^^^^^^^^^^^

warning: missing documentation for a struct
    --> /Users/chanthawat/Developments/gridtokenx-coresystem/gridtokenx-iam-service/target/debug/build/iam-protocol-712f8693f7b178a8/out/identity.rs:2492:1
     |
2492 | pub struct AuthorizeResponseView<'a> {
     | ^^^^^^^^^^^^^^^^^^^^^^^^^^^^^^^^^^^^

warning: missing documentation for a struct field
    --> /Users/chanthawat/Developments/gridtokenx-coresystem/gridtokenx-iam-service/target/debug/build/iam-protocol-712f8693f7b178a8/out/identity.rs:2497:5
     |
2497 |     pub __buffa_unknown_fields: ::buffa::UnknownFieldsView<'a>,
     |     ^^^^^^^^^^^^^^^^^^^^^^^^^^^^^^^^^^^^^^^^^^^^^^^^^^^^^^^^^^

warning: missing documentation for a struct
    --> /Users/chanthawat/Developments/gridtokenx-coresystem/gridtokenx-iam-service/target/debug/build/iam-protocol-712f8693f7b178a8/out/identity.rs:2609:1
     |
2609 | pub struct UserInfoResponse {
     | ^^^^^^^^^^^^^^^^^^^^^^^^^^^

warning: missing documentation for a struct
    --> /Users/chanthawat/Developments/gridtokenx-coresystem/gridtokenx-iam-service/target/debug/build/iam-protocol-712f8693f7b178a8/out/identity.rs:2911:1
     |
2911 | pub struct UserInfoResponseView<'a> {
     | ^^^^^^^^^^^^^^^^^^^^^^^^^^^^^^^^^^^

warning: missing documentation for a struct field
    --> /Users/chanthawat/Developments/gridtokenx-coresystem/gridtokenx-iam-service/target/debug/build/iam-protocol-712f8693f7b178a8/out/identity.rs:2926:5
     |
2926 |     pub __buffa_unknown_fields: ::buffa::UnknownFieldsView<'a>,
     |     ^^^^^^^^^^^^^^^^^^^^^^^^^^^^^^^^^^^^^^^^^^^^^^^^^^^^^^^^^^

warning: missing documentation for a struct
    --> /Users/chanthawat/Developments/gridtokenx-coresystem/gridtokenx-iam-service/target/debug/build/iam-protocol-712f8693f7b178a8/out/identity.rs:3093:1
     |
3093 | pub struct ApiKeyRequest {
     | ^^^^^^^^^^^^^^^^^^^^^^^^

warning: missing documentation for a struct
    --> /Users/chanthawat/Developments/gridtokenx-coresystem/gridtokenx-iam-service/target/debug/build/iam-protocol-712f8693f7b178a8/out/identity.rs:3207:1
     |
3207 | pub struct ApiKeyRequestView<'a> {
     | ^^^^^^^^^^^^^^^^^^^^^^^^^^^^^^^^

warning: missing documentation for a struct field
    --> /Users/chanthawat/Developments/gridtokenx-coresystem/gridtokenx-iam-service/target/debug/build/iam-protocol-712f8693f7b178a8/out/identity.rs:3210:5
     |
3210 |     pub __buffa_unknown_fields: ::buffa::UnknownFieldsView<'a>,
     |     ^^^^^^^^^^^^^^^^^^^^^^^^^^^^^^^^^^^^^^^^^^^^^^^^^^^^^^^^^^

warning: missing documentation for a struct
    --> /Users/chanthawat/Developments/gridtokenx-coresystem/gridtokenx-iam-service/target/debug/build/iam-protocol-712f8693f7b178a8/out/identity.rs:3311:1
     |
3311 | pub struct ApiKeyResponse {
     | ^^^^^^^^^^^^^^^^^^^^^^^^^

warning: missing documentation for a struct
    --> /Users/chanthawat/Developments/gridtokenx-coresystem/gridtokenx-iam-service/target/debug/build/iam-protocol-712f8693f7b178a8/out/identity.rs:3486:1
     |
3486 | pub struct ApiKeyResponseView<'a> {
     | ^^^^^^^^^^^^^^^^^^^^^^^^^^^^^^^^^

warning: missing documentation for a struct field
    --> /Users/chanthawat/Developments/gridtokenx-coresystem/gridtokenx-iam-service/target/debug/build/iam-protocol-712f8693f7b178a8/out/identity.rs:3493:5
     |
3493 |     pub __buffa_unknown_fields: ::buffa::UnknownFieldsView<'a>,
     |     ^^^^^^^^^^^^^^^^^^^^^^^^^^^^^^^^^^^^^^^^^^^^^^^^^^^^^^^^^^

warning: missing documentation for a struct
    --> /Users/chanthawat/Developments/gridtokenx-coresystem/gridtokenx-iam-service/target/debug/build/iam-protocol-712f8693f7b178a8/out/identity.rs:3616:1
     |
3616 | pub struct InitializeWalletRequest {
     | ^^^^^^^^^^^^^^^^^^^^^^^^^^^^^^^^^^

warning: missing documentation for a struct
    --> /Users/chanthawat/Developments/gridtokenx-coresystem/gridtokenx-iam-service/target/debug/build/iam-protocol-712f8693f7b178a8/out/identity.rs:3797:1
     |
3797 | pub struct InitializeWalletRequestView<'a> {
     | ^^^^^^^^^^^^^^^^^^^^^^^^^^^^^^^^^^^^^^^^^^

warning: missing documentation for a struct field
    --> /Users/chanthawat/Developments/gridtokenx-coresystem/gridtokenx-iam-service/target/debug/build/iam-protocol-712f8693f7b178a8/out/identity.rs:3804:5
     |
3804 |     pub __buffa_unknown_fields: ::buffa::UnknownFieldsView<'a>,
     |     ^^^^^^^^^^^^^^^^^^^^^^^^^^^^^^^^^^^^^^^^^^^^^^^^^^^^^^^^^^

warning: missing documentation for a struct
    --> /Users/chanthawat/Developments/gridtokenx-coresystem/gridtokenx-iam-service/target/debug/build/iam-protocol-712f8693f7b178a8/out/identity.rs:3929:1
     |
3929 | pub struct InitializeWalletResponse {
     | ^^^^^^^^^^^^^^^^^^^^^^^^^^^^^^^^^^^

warning: missing documentation for a struct
    --> /Users/chanthawat/Developments/gridtokenx-coresystem/gridtokenx-iam-service/target/debug/build/iam-protocol-712f8693f7b178a8/out/identity.rs:4109:1
     |
4109 | pub struct InitializeWalletResponseView<'a> {
     | ^^^^^^^^^^^^^^^^^^^^^^^^^^^^^^^^^^^^^^^^^^^

warning: missing documentation for a struct field
    --> /Users/chanthawat/Developments/gridtokenx-coresystem/gridtokenx-iam-service/target/debug/build/iam-protocol-712f8693f7b178a8/out/identity.rs:4116:5
     |
4116 |     pub __buffa_unknown_fields: ::buffa::UnknownFieldsView<'a>,
     |     ^^^^^^^^^^^^^^^^^^^^^^^^^^^^^^^^^^^^^^^^^^^^^^^^^^^^^^^^^^

warning: `iam-protocol` (lib) generated 42 warnings
warning: unused import: `std::env`
 --> crates/iam-logic/src/jwt_service.rs:2:5
  |
2 | use std::env;
  |     ^^^^^^^^
  |
  = note: `#[warn(unused_imports)]` (part of `#[warn(unused)]`) on by default

warning: missing documentation for the crate
  --> crates/iam-logic/src/lib.rs:1:1
   |
 1 | / pub mod auth_service;
 2 | | pub mod password;
 3 | | pub mod jwt_service;
 4 | | pub mod blockchain_provider;
...  |
10 | | #[cfg(test)]
11 | | mod auth_service_tests;
   | |_______________________^
   |
   = note: requested on the command line with `-W missing-docs`

warning: missing documentation for a module
 --> crates/iam-logic/src/lib.rs:1:1
  |
1 | pub mod auth_service;
  | ^^^^^^^^^^^^^^^^^^^^

warning: missing documentation for a module
 --> crates/iam-logic/src/lib.rs:2:1
  |
2 | pub mod password;
  | ^^^^^^^^^^^^^^^^

warning: missing documentation for a module
 --> crates/iam-logic/src/lib.rs:3:1
  |
3 | pub mod jwt_service;
  | ^^^^^^^^^^^^^^^^^^^

warning: missing documentation for a module
 --> crates/iam-logic/src/lib.rs:4:1
  |
4 | pub mod blockchain_provider;
  | ^^^^^^^^^^^^^^^^^^^^^^^^^^^

warning: missing documentation for a struct
  --> crates/iam-logic/src/auth_service.rs:18:1
   |
18 | pub struct AuthService {
   | ^^^^^^^^^^^^^^^^^^^^^^

warning: missing documentation for a struct field
  --> crates/iam-logic/src/auth_service.rs:19:5
   |
19 |     pub user_repo: Arc<dyn UserRepositoryTrait>,
   |     ^^^^^^^^^^^^^^^^^^^^^^^^^^^^^^^^^^^^^^^^^^^

warning: missing documentation for a struct field
  --> crates/iam-logic/src/auth_service.rs:20:5
   |
20 |     pub wallet_repo: Arc<dyn WalletRepositoryTrait>,
   |     ^^^^^^^^^^^^^^^^^^^^^^^^^^^^^^^^^^^^^^^^^^^^^^^

warning: missing documentation for a struct field
  --> crates/iam-logic/src/auth_service.rs:21:5
   |
21 |     pub api_key_repo: Arc<dyn ApiKeyRepositoryTrait>,
   |     ^^^^^^^^^^^^^^^^^^^^^^^^^^^^^^^^^^^^^^^^^^^^^^^^

warning: missing documentation for a struct field
  --> crates/iam-logic/src/auth_service.rs:25:5
   |
25 |     pub cache: Arc<dyn CacheTrait>,
   |     ^^^^^^^^^^^^^^^^^^^^^^^^^^^^^^

warning: missing documentation for a struct field
  --> crates/iam-logic/src/auth_service.rs:28:5
   |
28 |     pub blockchain_service: Arc<dyn BlockchainTrait>,
   |     ^^^^^^^^^^^^^^^^^^^^^^^^^^^^^^^^^^^^^^^^^^^^^^^^

warning: missing documentation for a struct field
  --> crates/iam-logic/src/auth_service.rs:29:5
   |
29 |     pub wallet_service: Arc<gridtokenx_blockchain_core::WalletService>,
   |     ^^^^^^^^^^^^^^^^^^^^^^^^^^^^^^^^^^^^^^^^^^^^^^^^^^^^^^^^^^^^^^^^^^

warning: missing documentation for an associated function
  --> crates/iam-logic/src/auth_service.rs:33:5
   |
33 | /     pub fn new(
34 | |         user_repo: Arc<dyn UserRepositoryTrait>,
35 | |         wallet_repo: Arc<dyn WalletRepositoryTrait>,
36 | |         api_key_repo: Arc<dyn ApiKeyRepositoryTrait>,
...  |
44 | |         wallet_service: Arc<gridtokenx_blockchain_core::WalletService>,
45 | |     ) -> Self {
   | |_____________^

warning: missing documentation for a method
  --> crates/iam-logic/src/auth_service.rs:61:5
   |
61 |     pub async fn login(&self, username: String, password: String) -> Result<AuthResult> {
   |     ^^^^^^^^^^^^^^^^^^^^^^^^^^^^^^^^^^^^^^^^^^^^^^^^^^^^^^^^^^^^^^^^^^^^^^^^^^^^^^^^^^^

warning: missing documentation for a method
   --> crates/iam-logic/src/auth_service.rs:150:5
    |
150 | /     pub async fn register(
151 | |         &self,
152 | |         username: String,
153 | |         email: String,
...   |
156 | |         last_name: Option<String>,
157 | |     ) -> Result<RegistrationResult> {
    | |___________________________________^

warning: missing documentation for a method
   --> crates/iam-logic/src/auth_service.rs:201:5
    |
201 |     pub async fn verify_email(&self, token: String) -> Result<VerifyEmailResult> {
    |     ^^^^^^^^^^^^^^^^^^^^^^^^^^^^^^^^^^^^^^^^^^^^^^^^^^^^^^^^^^^^^^^^^^^^^^^^^^^^

warning: missing documentation for a method
   --> crates/iam-logic/src/auth_service.rs:248:5
    |
248 |     pub async fn verify_api_key(&self, key: &str) -> Result<ApiKey> {
    |     ^^^^^^^^^^^^^^^^^^^^^^^^^^^^^^^^^^^^^^^^^^^^^^^^^^^^^^^^^^^^^^^

warning: missing documentation for a method
   --> crates/iam-logic/src/auth_service.rs:298:5
    |
298 |     pub async fn get_user_profile(&self, user_id: Uuid) -> Result<User> {
    |     ^^^^^^^^^^^^^^^^^^^^^^^^^^^^^^^^^^^^^^^^^^^^^^^^^^^^^^^^^^^^^^^^^^^

warning: missing documentation for a method
   --> crates/iam-logic/src/auth_service.rs:303:5
    |
303 |     pub async fn list_wallets(&self, user_id: Uuid) -> Result<Vec<UserWallet>> {
    |     ^^^^^^^^^^^^^^^^^^^^^^^^^^^^^^^^^^^^^^^^^^^^^^^^^^^^^^^^^^^^^^^^^^^^^^^^^^

warning: missing documentation for a method
   --> crates/iam-logic/src/auth_service.rs:307:5
    |
307 |     pub async fn get_wallet(&self, user_id: Uuid, wallet_id: Uuid) -> Result<UserWallet> {
    |     ^^^^^^^^^^^^^^^^^^^^^^^^^^^^^^^^^^^^^^^^^^^^^^^^^^^^^^^^^^^^^^^^^^^^^^^^^^^^^^^^^^^^

warning: missing documentation for a method
   --> crates/iam-logic/src/auth_service.rs:312:5
    |
312 |     pub async fn set_primary_wallet(&self, user_id: Uuid, wallet_id: Uuid) -> Result<UserWallet> {
    |     ^^^^^^^^^^^^^^^^^^^^^^^^^^^^^^^^^^^^^^^^^^^^^^^^^^^^^^^^^^^^^^^^^^^^^^^^^^^^^^^^^^^^^^^^^^^^

warning: missing documentation for a method
   --> crates/iam-logic/src/auth_service.rs:317:5
    |
317 |     pub async fn unlink_wallet(&self, user_id: Uuid, wallet_id: Uuid) -> Result<()> {
    |     ^^^^^^^^^^^^^^^^^^^^^^^^^^^^^^^^^^^^^^^^^^^^^^^^^^^^^^^^^^^^^^^^^^^^^^^^^^^^^^^

warning: missing documentation for a method
   --> crates/iam-logic/src/auth_service.rs:330:5
    |
330 | /     pub async fn link_wallet(
331 | |         &self,
332 | |         user_id: Uuid,
333 | |         wallet_address: String,
334 | |         label: Option<String>,
335 | |         is_primary: bool,
336 | |     ) -> Result<UserWallet> {
    | |___________________________^

warning: missing documentation for a method
   --> crates/iam-logic/src/auth_service.rs:346:5
    |
346 | /     pub async fn onboard_user_on_chain(
347 | |         &self,
348 | |         user_id: Uuid,
349 | |         user_type_domain: UserType,
...   |
353 | |         shard_id: Option<u8>,
354 | |     ) -> Result<OnChainOnboardingResult> {
    | |________________________________________^

warning: missing documentation for a method
   --> crates/iam-logic/src/auth_service.rs:383:5
    |
383 |     pub async fn forgot_password(&self, email: &str) -> Result<()> {
    |     ^^^^^^^^^^^^^^^^^^^^^^^^^^^^^^^^^^^^^^^^^^^^^^^^^^^^^^^^^^^^^^

warning: missing documentation for a method
   --> crates/iam-logic/src/auth_service.rs:404:5
    |
404 |     pub async fn reset_password(&self, token: &str, new_password: &str) -> Result<()> {
    |     ^^^^^^^^^^^^^^^^^^^^^^^^^^^^^^^^^^^^^^^^^^^^^^^^^^^^^^^^^^^^^^^^^^^^^^^^^^^^^^^^^

warning: missing documentation for a method
   --> crates/iam-logic/src/auth_service.rs:429:5
    |
429 | /     pub async fn initialize_user_wallet(
430 | |         &self,
431 | |         user_id: Uuid,
432 | |         wallet_address: &str,
433 | |         _initial_funding_sol: f64,
434 | |     ) -> Result<String> {
    | |_______________________^

warning: missing documentation for a struct
 --> crates/iam-logic/src/password.rs:8:1
  |
8 | pub struct PasswordService;
  | ^^^^^^^^^^^^^^^^^^^^^^^^^^

warning: missing documentation for an associated function
  --> crates/iam-logic/src/password.rs:11:5
   |
11 |     pub fn hash_password(password: &str) -> Result<String> {
   |     ^^^^^^^^^^^^^^^^^^^^^^^^^^^^^^^^^^^^^^^^^^^^^^^^^^^^^^

warning: missing documentation for an associated function
  --> crates/iam-logic/src/password.rs:24:5
   |
24 |     pub fn verify_password(password: &str, hash: &str) -> Result<bool> {
   |     ^^^^^^^^^^^^^^^^^^^^^^^^^^^^^^^^^^^^^^^^^^^^^^^^^^^^^^^^^^^^^^^^^^

warning: missing documentation for an associated function
  --> crates/iam-logic/src/password.rs:44:5
   |
44 |     pub fn validate_password_strength(password: &str) -> Result<()> {
   |     ^^^^^^^^^^^^^^^^^^^^^^^^^^^^^^^^^^^^^^^^^^^^^^^^^^^^^^^^^^^^^^^

warning: missing documentation for an associated function
   --> crates/iam-logic/src/password.rs:110:5
    |
110 |     pub fn generate_temporary_password() -> String {
    |     ^^^^^^^^^^^^^^^^^^^^^^^^^^^^^^^^^^^^^^^^^^^^^^

warning: missing documentation for a struct
 --> crates/iam-logic/src/jwt_service.rs:9:1
  |
9 | pub struct JwtService {
  | ^^^^^^^^^^^^^^^^^^^^^

warning: missing documentation for an associated function
  --> crates/iam-logic/src/jwt_service.rs:16:5
   |
16 |     pub fn new(secret: &str) -> Result<Self> {
   |     ^^^^^^^^^^^^^^^^^^^^^^^^^^^^^^^^^^^^^^^^

warning: missing documentation for a method
  --> crates/iam-logic/src/jwt_service.rs:31:5
   |
31 |     pub fn encode_token(&self, claims: &Claims) -> Result<String> {
   |     ^^^^^^^^^^^^^^^^^^^^^^^^^^^^^^^^^^^^^^^^^^^^^^^^^^^^^^^^^^^^^

warning: missing documentation for a method
  --> crates/iam-logic/src/jwt_service.rs:39:5
   |
39 |     pub fn decode_token(&self, token: &str) -> Result<Claims> {
   |     ^^^^^^^^^^^^^^^^^^^^^^^^^^^^^^^^^^^^^^^^^^^^^^^^^^^^^^^^^

warning: missing documentation for a method
  --> crates/iam-logic/src/jwt_service.rs:58:5
   |
58 |     pub fn validate_token(&self, token: &str) -> Result<bool> {
   |     ^^^^^^^^^^^^^^^^^^^^^^^^^^^^^^^^^^^^^^^^^^^^^^^^^^^^^^^^^

warning: missing documentation for a method
  --> crates/iam-logic/src/jwt_service.rs:65:5
   |
65 |     pub fn refresh_token(&self, old_token: &str) -> Result<String> {
   |     ^^^^^^^^^^^^^^^^^^^^^^^^^^^^^^^^^^^^^^^^^^^^^^^^^^^^^^^^^^^^^^

warning: missing documentation for an associated function
  --> crates/iam-logic/src/jwt_service.rs:82:5
   |
82 |     pub fn new(secret: String) -> Result<Self> {
   |     ^^^^^^^^^^^^^^^^^^^^^^^^^^^^^^^^^^^^^^^^^^

warning: missing documentation for a method
  --> crates/iam-logic/src/jwt_service.rs:86:5
   |
86 |     pub fn generate_key(&self, _name: &str, _permissions: Vec<String>) -> Result<(String, String)> {
   |     ^^^^^^^^^^^^^^^^^^^^^^^^^^^^^^^^^^^^^^^^^^^^^^^^^^^^^^^^^^^^^^^^^^^^^^^^^^^^^^^^^^^^^^^^^^^^^^

warning: missing documentation for a method
  --> crates/iam-logic/src/jwt_service.rs:93:5
   |
93 |     pub fn verify_key(&self, key: &str, stored_hash: &str) -> Result<bool> {
   |     ^^^^^^^^^^^^^^^^^^^^^^^^^^^^^^^^^^^^^^^^^^^^^^^^^^^^^^^^^^^^^^^^^^^^^^

warning: missing documentation for a method
  --> crates/iam-logic/src/jwt_service.rs:98:5
   |
98 |     pub fn hash_key(&self, key: &str) -> Result<String> {
   |     ^^^^^^^^^^^^^^^^^^^^^^^^^^^^^^^^^^^^^^^^^^^^^^^^^^^

warning: missing documentation for a struct
  --> crates/iam-logic/src/blockchain_provider.rs:10:1
   |
10 | pub struct BlockchainProvider {
   | ^^^^^^^^^^^^^^^^^^^^^^^^^^^^^

warning: missing documentation for an associated function
  --> crates/iam-logic/src/blockchain_provider.rs:15:5
   |
15 |     pub fn new(service: Arc<BlockchainService>) -> Self {
   |     ^^^^^^^^^^^^^^^^^^^^^^^^^^^^^^^^^^^^^^^^^^^^^^^^^^^

warning: `iam-logic` (lib) generated 45 warnings (run `cargo fix --lib -p iam-logic` to apply 1 suggestion)
   Compiling iam-api v0.1.1 (/Users/chanthawat/Developments/gridtokenx-coresystem/gridtokenx-iam-service/crates/iam-api)
error[E0583]: file not found for module `auth_tests`
 --> crates/iam-api/src/handlers/auth.rs:8:1
  |
8 | mod auth_tests;
  | ^^^^^^^^^^^^^^^
  |
  = help: to create the module `auth_tests`, create file "crates/iam-api/src/handlers/auth/auth_tests.rs" or "crates/iam-api/src/handlers/auth/auth_tests/mod.rs"
  = note: if there is a `mod auth_tests` elsewhere in the crate already, import it with `use crate::...` instead

warning: unused import: `iam_core::domain::identity::Claims`
  --> crates/iam-api/src/handlers/auth.rs:11:5
   |
11 | use iam_core::domain::identity::Claims;
   |     ^^^^^^^^^^^^^^^^^^^^^^^^^^^^^^^^^^
   |
   = note: `#[warn(unused_imports)]` (part of `#[warn(unused)]`) on by default

warning: unused imports: `FromRequestParts` and `http::request::Parts`
 --> crates/iam-api/src/handlers/identity.rs:3:22
  |
3 |     extract::{State, FromRequestParts, Path},
  |                      ^^^^^^^^^^^^^^^^
4 |     http::request::Parts,
  |     ^^^^^^^^^^^^^^^^^^^^

warning: unused import: `iam_core::domain::identity::Claims`
  --> crates/iam-api/src/handlers/identity.rs:17:5
   |
17 | use iam_core::domain::identity::Claims;
   |     ^^^^^^^^^^^^^^^^^^^^^^^^^^^^^^^^^^

warning: unused import: `iam_logic::JwtService`
  --> crates/iam-api/src/handlers/identity.rs:18:5
   |
18 | use iam_logic::JwtService;
   |     ^^^^^^^^^^^^^^^^^^^^^

error[E0061]: this function takes 1 argument but 0 arguments were supplied
  --> crates/iam-api/src/handlers/types.rs:31:27
   |
31 |         let jwt_service = JwtService::new()?; 
   |                           ^^^^^^^^^^^^^^^-- argument #1 of type `&str` is missing
   |
note: associated function defined here
  --> crates/iam-logic/src/jwt_service.rs:16:12
   |
16 |     pub fn new(secret: &str) -> Result<Self> {
   |            ^^^
help: provide the argument
   |
31 |         let jwt_service = JwtService::new(/* &str */)?; 
   |                                           ++++++++++

warning: unused import: `IdentityService`
  --> crates/iam-api/src/identity_grpc.rs:13:16
   |
13 | use identity::{IdentityService, TokenRequestView, AuthorizeRequestView, ApiKeyRequestView};
   |                ^^^^^^^^^^^^^^^

For more information about this error, try `rustc --explain E0061`.
Some errors have detailed explanations: E0061, E0583.
For more information about an error, try `rustc --explain E0061`.
warning: `iam-api` (lib) generated 5 warnings
error: could not compile `iam-api` (lib) due to 1 previous error; 5 warnings emitted
warning: build failed, waiting for other jobs to finish...
warning: `iam-api` (lib test) generated 5 warnings (5 duplicates)
error: could not compile `iam-api` (lib test) due to 2 previous errors; 5 warnings emitted
